2025-07-17 11:12:30,259 [Worker-1: Loading available Gradle versions] INFO  o.e.b.c.i.u.g.PublishedGradleVersions - Gradle version information cache is not available. Remote download required.
2025-07-17 11:15:56,610 [Worker-2: Import Getting Started Content] INFO  o.e.m.c.i.l.LifecycleMappingFactory - Using org.eclipse.m2e.jdt.JarLifecycleMapping lifecycle mapping for MavenProject: com.ihub.www:backend:0.0.1-SNAPSHOT @ D:\Java-project\Backend-workspace\backend\pom.xml.
2025-07-17 11:16:01,751 [Worker-2: Import Getting Started Content] INFO  o.e.m.c.i.e.AbstractTransferListenerAdapter - Downloading https://repo.maven.apache.org/maven2/org/springframework/boot/spring-boot-devtools/3.5.3/spring-boot-devtools-3.5.3.pom
2025-07-17 11:16:01,819 [Worker-2: Import Getting Started Content] INFO  o.e.m.c.i.e.AbstractTransferListenerAdapter - Downloaded https://repo.maven.apache.org/maven2/org/springframework/boot/spring-boot-devtools/3.5.3/spring-boot-devtools-3.5.3.pom
2025-07-17 11:16:03,365 [Worker-2: Import Getting Started Content] INFO  o.e.m.c.i.e.AbstractTransferListenerAdapter - Downloading https://repo.maven.apache.org/maven2/org/springframework/boot/spring-boot-devtools/3.5.3/spring-boot-devtools-3.5.3.jar
2025-07-17 11:16:03,607 [Worker-2: Import Getting Started Content] INFO  o.e.m.c.i.e.AbstractTransferListenerAdapter - Downloaded https://repo.maven.apache.org/maven2/org/springframework/boot/spring-boot-devtools/3.5.3/spring-boot-devtools-3.5.3.jar
2025-07-17 11:16:08,728 [Worker-2: Import Getting Started Content] INFO  o.e.m.j.i.AbstractJavaProjectConfigurator - Adding source folder /backend/src/main/java
2025-07-17 11:16:08,731 [Worker-2: Import Getting Started Content] INFO  o.e.m.j.i.AbstractJavaProjectConfigurator - Adding resource folder /backend/src/main/resources
2025-07-17 11:16:08,749 [Worker-2: Import Getting Started Content] INFO  o.e.m.j.i.AbstractJavaProjectConfigurator - Adding resource folder /backend/src/main/resources
2025-07-17 11:16:08,766 [Worker-2: Import Getting Started Content] INFO  o.e.m.j.i.AbstractJavaProjectConfigurator - Adding source folder /backend/src/test/java
2025-07-17 11:16:08,767 [Worker-2: Import Getting Started Content] INFO  o.e.m.j.i.AbstractJavaProjectConfigurator - Adding resource folder /backend/src/test/resources
2025-07-17 11:16:10,917 [Worker-7: Download sources and javadoc] INFO  o.e.m.c.i.e.AbstractTransferListenerAdapter - Downloading https://repo.maven.apache.org/maven2/org/springframework/boot/spring-boot-devtools/3.5.3/spring-boot-devtools-3.5.3-sources.jar
2025-07-17 11:16:11,231 [Worker-7: Download sources and javadoc] INFO  o.e.m.c.i.e.AbstractTransferListenerAdapter - Downloaded https://repo.maven.apache.org/maven2/org/springframework/boot/spring-boot-devtools/3.5.3/spring-boot-devtools-3.5.3-sources.jar
2025-07-17 11:16:11,243 [Worker-7: Download sources and javadoc] INFO  o.e.m.j.internal.DownloadSourcesJob - Downloaded sources for org.springframework.boot:spring-boot-devtools:3.5.3
2025-07-17 11:16:21,227 [Worker-2: Import Getting Started Content] INFO  o.e.m.c.i.p.ProjectConfigurationManager - Imported and configured 1 project(s) in 34 sec
2025-07-17 11:16:21,234 [Worker-2: Import Getting Started Content] INFO  o.e.m.c.i.p.ProjectConfigurationManager - Update started
2025-07-17 11:16:22,042 [Worker-2: Import Getting Started Content] INFO  o.e.m.c.i.l.LifecycleMappingFactory - Using org.eclipse.m2e.jdt.JarLifecycleMapping lifecycle mapping for MavenProject: com.ihub.www:backend:0.0.1-SNAPSHOT @ D:\Java-project\Backend-workspace\backend\pom.xml.
2025-07-17 11:16:23,284 [Worker-2: Import Getting Started Content] INFO  o.e.m.j.i.AbstractJavaProjectConfigurator - Adding source folder /backend/src/main/java
2025-07-17 11:16:23,285 [Worker-2: Import Getting Started Content] INFO  o.e.m.j.i.AbstractJavaProjectConfigurator - Adding resource folder /backend/src/main/resources
2025-07-17 11:16:23,286 [Worker-2: Import Getting Started Content] INFO  o.e.m.j.i.AbstractJavaProjectConfigurator - Adding resource folder /backend/src/main/resources
2025-07-17 11:16:23,287 [Worker-2: Import Getting Started Content] INFO  o.e.m.j.i.AbstractJavaProjectConfigurator - Adding source folder /backend/src/test/java
2025-07-17 11:16:23,288 [Worker-2: Import Getting Started Content] INFO  o.e.m.j.i.AbstractJavaProjectConfigurator - Adding resource folder /backend/src/test/resources
2025-07-17 11:16:24,320 [Worker-2: Import Getting Started Content] INFO  o.e.m.c.i.p.ProjectConfigurationManager - Update completed for 1 poms: local refresh takes 0.00 sec, refresh facades takes 1.00 sec, update config takes 0.00 sec 
2025-07-17 11:16:26,230 [Worker-0: Building] INFO  o.a.m.s.f.DefaultMavenResourcesFiltering - Copying 1 resource from src\main\resources to target\classes
2025-07-17 11:16:26,280 [Worker-0: Building] INFO  o.a.m.s.f.DefaultMavenResourcesFiltering - Copying 0 resource from src\main\resources to target\classes
2025-07-17 11:16:26,288 [Worker-0: Building] INFO  o.a.m.s.f.DefaultMavenResourcesFiltering - skip non existing resourceDirectory D:\Java-project\Backend-workspace\backend\src\test\resources
2025-07-17 11:17:15,242 [Worker-9: Building] INFO  o.a.m.s.f.DefaultMavenResourcesFiltering - Copying 1 resource from src\main\resources to target\classes
2025-07-17 11:17:15,250 [Worker-9: Building] INFO  o.a.m.s.f.DefaultMavenResourcesFiltering - Copying 0 resource from src\main\resources to target\classes
2025-07-17 11:17:15,257 [Worker-9: Building] INFO  o.a.m.s.f.DefaultMavenResourcesFiltering - skip non existing resourceDirectory D:\Java-project\Backend-workspace\backend\src\test\resources
2025-07-17 11:19:41,142 [Worker-3: Building] INFO  o.a.m.s.f.DefaultMavenResourcesFiltering - Copying 1 resource from src\main\resources to target\classes
2025-07-17 11:19:41,149 [Worker-3: Building] INFO  o.a.m.s.f.DefaultMavenResourcesFiltering - Copying 0 resource from src\main\resources to target\classes
2025-07-17 11:19:41,155 [Worker-3: Building] INFO  o.a.m.s.f.DefaultMavenResourcesFiltering - skip non existing resourceDirectory D:\Java-project\Backend-workspace\backend\src\test\resources
2025-07-17 11:21:58,173 [Worker-6: Loading available Gradle versions] INFO  o.e.b.c.i.u.g.PublishedGradleVersions - Gradle version information cache is up-to-date. Trying to read.
2025-07-17 11:25:24,826 [Worker-6: Import Getting Started Content] INFO  o.e.m.c.i.l.LifecycleMappingFactory - Using org.eclipse.m2e.jdt.JarLifecycleMapping lifecycle mapping for MavenProject: com.ihub.www:backend:0.0.1-SNAPSHOT @ D:\Java-project\Backend-workspace\backend\pom.xml.
2025-07-17 11:25:27,292 [Worker-6: Import Getting Started Content] INFO  o.e.m.j.i.AbstractJavaProjectConfigurator - Adding source folder /backend/src/main/java
2025-07-17 11:25:27,297 [Worker-6: Import Getting Started Content] INFO  o.e.m.j.i.AbstractJavaProjectConfigurator - Adding resource folder /backend/src/main/resources
2025-07-17 11:25:27,306 [Worker-6: Import Getting Started Content] INFO  o.e.m.j.i.AbstractJavaProjectConfigurator - Adding resource folder /backend/src/main/resources
2025-07-17 11:25:27,313 [Worker-6: Import Getting Started Content] INFO  o.e.m.j.i.AbstractJavaProjectConfigurator - Adding source folder /backend/src/test/java
2025-07-17 11:25:27,315 [Worker-6: Import Getting Started Content] INFO  o.e.m.j.i.AbstractJavaProjectConfigurator - Adding resource folder /backend/src/test/resources
2025-07-17 11:25:29,202 [Worker-6: Import Getting Started Content] INFO  o.e.m.c.i.p.ProjectConfigurationManager - Imported and configured 1 project(s) in 7 sec
2025-07-17 11:25:29,208 [Worker-6: Import Getting Started Content] INFO  o.e.m.c.i.p.ProjectConfigurationManager - Update started
2025-07-17 11:25:30,138 [Worker-6: Import Getting Started Content] INFO  o.e.m.c.i.l.LifecycleMappingFactory - Using org.eclipse.m2e.jdt.JarLifecycleMapping lifecycle mapping for MavenProject: com.ihub.www:backend:0.0.1-SNAPSHOT @ D:\Java-project\Backend-workspace\backend\pom.xml.
2025-07-17 11:25:31,554 [Worker-6: Import Getting Started Content] INFO  o.e.m.j.i.AbstractJavaProjectConfigurator - Adding source folder /backend/src/main/java
2025-07-17 11:25:31,555 [Worker-6: Import Getting Started Content] INFO  o.e.m.j.i.AbstractJavaProjectConfigurator - Adding resource folder /backend/src/main/resources
2025-07-17 11:25:31,557 [Worker-6: Import Getting Started Content] INFO  o.e.m.j.i.AbstractJavaProjectConfigurator - Adding resource folder /backend/src/main/resources
2025-07-17 11:25:31,558 [Worker-6: Import Getting Started Content] INFO  o.e.m.j.i.AbstractJavaProjectConfigurator - Adding source folder /backend/src/test/java
2025-07-17 11:25:31,559 [Worker-6: Import Getting Started Content] INFO  o.e.m.j.i.AbstractJavaProjectConfigurator - Adding resource folder /backend/src/test/resources
2025-07-17 11:25:32,786 [Worker-6: Import Getting Started Content] INFO  o.e.m.c.i.p.ProjectConfigurationManager - Update completed for 1 poms: local refresh takes 0.00 sec, refresh facades takes 2.00 sec, update config takes 0.00 sec 
2025-07-17 11:25:35,114 [Worker-3: Building] INFO  o.a.m.s.f.DefaultMavenResourcesFiltering - Copying 1 resource from src\main\resources to target\classes
2025-07-17 11:25:35,152 [Worker-3: Building] INFO  o.a.m.s.f.DefaultMavenResourcesFiltering - Copying 0 resource from src\main\resources to target\classes
2025-07-17 11:25:35,166 [Worker-3: Building] INFO  o.a.m.s.f.DefaultMavenResourcesFiltering - skip non existing resourceDirectory D:\Java-project\Backend-workspace\backend\src\test\resources
2025-07-17 11:26:42,093 [Worker-3: Building] INFO  o.a.m.s.f.DefaultMavenResourcesFiltering - Copying 1 resource from src\main\resources to target\classes
2025-07-17 11:26:42,106 [Worker-3: Building] INFO  o.a.m.s.f.DefaultMavenResourcesFiltering - Copying 0 resource from src\main\resources to target\classes
2025-07-17 11:26:42,118 [Worker-3: Building] INFO  o.a.m.s.f.DefaultMavenResourcesFiltering - skip non existing resourceDirectory D:\Java-project\Backend-workspace\backend\src\test\resources
2025-07-17 11:27:08,776 [Worker-3: Building] INFO  o.a.m.s.f.DefaultMavenResourcesFiltering - Copying 1 resource from src\main\resources to target\classes
2025-07-17 11:27:08,785 [Worker-3: Building] INFO  o.a.m.s.f.DefaultMavenResourcesFiltering - Copying 0 resource from src\main\resources to target\classes
2025-07-17 11:27:08,791 [Worker-3: Building] INFO  o.a.m.s.f.DefaultMavenResourcesFiltering - skip non existing resourceDirectory D:\Java-project\Backend-workspace\backend\src\test\resources
2025-07-17 11:28:23,381 [Worker-3: Building] INFO  o.a.m.s.f.DefaultMavenResourcesFiltering - Copying 1 resource from src\main\resources to target\classes
2025-07-17 11:28:23,396 [Worker-3: Building] INFO  o.a.m.s.f.DefaultMavenResourcesFiltering - Copying 0 resource from src\main\resources to target\classes
2025-07-17 11:28:23,403 [Worker-3: Building] INFO  o.a.m.s.f.DefaultMavenResourcesFiltering - skip non existing resourceDirectory D:\Java-project\Backend-workspace\backend\src\test\resources
2025-07-17 11:28:50,205 [Worker-11: Building] INFO  o.a.m.s.f.DefaultMavenResourcesFiltering - Copying 1 resource from src\main\resources to target\classes
2025-07-17 11:28:50,216 [Worker-11: Building] INFO  o.a.m.s.f.DefaultMavenResourcesFiltering - Copying 0 resource from src\main\resources to target\classes
2025-07-17 11:28:50,221 [Worker-11: Building] INFO  o.a.m.s.f.DefaultMavenResourcesFiltering - skip non existing resourceDirectory D:\Java-project\Backend-workspace\backend\src\test\resources
2025-07-17 11:40:08,804 [Worker-8: Building] INFO  o.a.m.s.f.DefaultMavenResourcesFiltering - Copying 1 resource from src\main\resources to target\classes
2025-07-17 11:40:08,868 [Worker-8: Building] INFO  o.a.m.s.f.DefaultMavenResourcesFiltering - Copying 0 resource from src\main\resources to target\classes
2025-07-17 11:40:08,875 [Worker-8: Building] INFO  o.a.m.s.f.DefaultMavenResourcesFiltering - skip non existing resourceDirectory D:\Java-project\Backend-workspace\backend\src\test\resources
2025-07-17 11:41:03,296 [Worker-12: Building] INFO  o.a.m.s.f.DefaultMavenResourcesFiltering - Copying 1 resource from src\main\resources to target\classes
2025-07-17 11:41:03,320 [Worker-12: Building] INFO  o.a.m.s.f.DefaultMavenResourcesFiltering - Copying 0 resource from src\main\resources to target\classes
2025-07-17 11:41:03,326 [Worker-12: Building] INFO  o.a.m.s.f.DefaultMavenResourcesFiltering - skip non existing resourceDirectory D:\Java-project\Backend-workspace\backend\src\test\resources
2025-07-17 11:42:09,369 [Worker-11: Building] INFO  o.a.m.s.f.DefaultMavenResourcesFiltering - Copying 1 resource from src\main\resources to target\classes
2025-07-17 11:42:09,377 [Worker-11: Building] INFO  o.a.m.s.f.DefaultMavenResourcesFiltering - Copying 0 resource from src\main\resources to target\classes
2025-07-17 11:42:09,384 [Worker-11: Building] INFO  o.a.m.s.f.DefaultMavenResourcesFiltering - skip non existing resourceDirectory D:\Java-project\Backend-workspace\backend\src\test\resources
2025-07-17 11:42:28,531 [Worker-14: Building] INFO  o.a.m.s.f.DefaultMavenResourcesFiltering - Copying 1 resource from src\main\resources to target\classes
2025-07-17 11:42:28,538 [Worker-14: Building] INFO  o.a.m.s.f.DefaultMavenResourcesFiltering - Copying 0 resource from src\main\resources to target\classes
2025-07-17 11:42:28,544 [Worker-14: Building] INFO  o.a.m.s.f.DefaultMavenResourcesFiltering - skip non existing resourceDirectory D:\Java-project\Backend-workspace\backend\src\test\resources
2025-07-17 11:45:04,667 [Worker-8: Building] INFO  o.a.m.s.f.DefaultMavenResourcesFiltering - Copying 1 resource from src\main\resources to target\classes
2025-07-17 11:45:04,681 [Worker-8: Building] INFO  o.a.m.s.f.DefaultMavenResourcesFiltering - Copying 0 resource from src\main\resources to target\classes
2025-07-17 11:45:04,689 [Worker-8: Building] INFO  o.a.m.s.f.DefaultMavenResourcesFiltering - skip non existing resourceDirectory D:\Java-project\Backend-workspace\backend\src\test\resources
2025-07-17 11:45:24,937 [Worker-13: Building] INFO  o.a.m.s.f.DefaultMavenResourcesFiltering - Copying 1 resource from src\main\resources to target\classes
2025-07-17 11:45:24,946 [Worker-13: Building] INFO  o.a.m.s.f.DefaultMavenResourcesFiltering - Copying 0 resource from src\main\resources to target\classes
2025-07-17 11:45:24,951 [Worker-13: Building] INFO  o.a.m.s.f.DefaultMavenResourcesFiltering - skip non existing resourceDirectory D:\Java-project\Backend-workspace\backend\src\test\resources
2025-07-17 11:50:50,981 [Worker-8: Building] INFO  o.a.m.s.f.DefaultMavenResourcesFiltering - Copying 1 resource from src\main\resources to target\classes
2025-07-17 11:50:50,992 [Worker-8: Building] INFO  o.a.m.s.f.DefaultMavenResourcesFiltering - Copying 0 resource from src\main\resources to target\classes
2025-07-17 11:50:50,996 [Worker-8: Building] INFO  o.a.m.s.f.DefaultMavenResourcesFiltering - skip non existing resourceDirectory D:\Java-project\Backend-workspace\backend\src\test\resources
2025-07-17 12:01:48,299 [Worker-8: Building] INFO  o.a.m.s.f.DefaultMavenResourcesFiltering - Copying 1 resource from src\main\resources to target\classes
2025-07-17 12:01:48,464 [Worker-8: Building] INFO  o.a.m.s.f.DefaultMavenResourcesFiltering - Copying 0 resource from src\main\resources to target\classes
2025-07-17 12:01:48,473 [Worker-8: Building] INFO  o.a.m.s.f.DefaultMavenResourcesFiltering - skip non existing resourceDirectory D:\Java-project\Backend-workspace\backend\src\test\resources
2025-07-17 12:02:12,428 [Worker-17: Building] INFO  o.a.m.s.f.DefaultMavenResourcesFiltering - Copying 1 resource from src\main\resources to target\classes
2025-07-17 12:02:12,558 [Worker-17: Building] INFO  o.a.m.s.f.DefaultMavenResourcesFiltering - Copying 0 resource from src\main\resources to target\classes
2025-07-17 12:02:12,565 [Worker-17: Building] INFO  o.a.m.s.f.DefaultMavenResourcesFiltering - skip non existing resourceDirectory D:\Java-project\Backend-workspace\backend\src\test\resources
2025-07-17 12:02:49,847 [Worker-3: Building] INFO  o.a.m.s.f.DefaultMavenResourcesFiltering - Copying 1 resource from src\main\resources to target\classes
2025-07-17 12:02:49,874 [Worker-3: Building] INFO  o.a.m.s.f.DefaultMavenResourcesFiltering - Copying 0 resource from src\main\resources to target\classes
2025-07-17 12:02:49,879 [Worker-3: Building] INFO  o.a.m.s.f.DefaultMavenResourcesFiltering - skip non existing resourceDirectory D:\Java-project\Backend-workspace\backend\src\test\resources
2025-07-17 12:04:15,926 [Worker-3: Building] INFO  o.a.m.s.f.DefaultMavenResourcesFiltering - Copying 1 resource from src\main\resources to target\classes
2025-07-17 12:04:15,934 [Worker-3: Building] INFO  o.a.m.s.f.DefaultMavenResourcesFiltering - Copying 0 resource from src\main\resources to target\classes
2025-07-17 12:04:15,942 [Worker-3: Building] INFO  o.a.m.s.f.DefaultMavenResourcesFiltering - skip non existing resourceDirectory D:\Java-project\Backend-workspace\backend\src\test\resources
2025-07-17 12:05:23,986 [Worker-3: Building] INFO  o.a.m.s.f.DefaultMavenResourcesFiltering - Copying 1 resource from src\main\resources to target\classes
2025-07-17 12:05:23,997 [Worker-3: Building] INFO  o.a.m.s.f.DefaultMavenResourcesFiltering - Copying 0 resource from src\main\resources to target\classes
2025-07-17 12:05:24,003 [Worker-3: Building] INFO  o.a.m.s.f.DefaultMavenResourcesFiltering - skip non existing resourceDirectory D:\Java-project\Backend-workspace\backend\src\test\resources
2025-07-17 12:08:10,984 [Worker-17: Building] INFO  o.a.m.s.f.DefaultMavenResourcesFiltering - Copying 1 resource from src\main\resources to target\classes
2025-07-17 12:08:10,998 [Worker-17: Building] INFO  o.a.m.s.f.DefaultMavenResourcesFiltering - Copying 0 resource from src\main\resources to target\classes
2025-07-17 12:08:11,003 [Worker-17: Building] INFO  o.a.m.s.f.DefaultMavenResourcesFiltering - skip non existing resourceDirectory D:\Java-project\Backend-workspace\backend\src\test\resources
2025-07-17 12:09:44,099 [Worker-16: Building] INFO  o.a.m.s.f.DefaultMavenResourcesFiltering - Copying 1 resource from src\main\resources to target\classes
2025-07-17 12:09:44,115 [Worker-16: Building] INFO  o.a.m.s.f.DefaultMavenResourcesFiltering - Copying 0 resource from src\main\resources to target\classes
2025-07-17 12:09:44,122 [Worker-16: Building] INFO  o.a.m.s.f.DefaultMavenResourcesFiltering - skip non existing resourceDirectory D:\Java-project\Backend-workspace\backend\src\test\resources
2025-07-17 12:10:01,464 [Worker-8: Building] INFO  o.a.m.s.f.DefaultMavenResourcesFiltering - Copying 1 resource from src\main\resources to target\classes
2025-07-17 12:10:01,470 [Worker-8: Building] INFO  o.a.m.s.f.DefaultMavenResourcesFiltering - Copying 0 resource from src\main\resources to target\classes
2025-07-17 12:10:01,475 [Worker-8: Building] INFO  o.a.m.s.f.DefaultMavenResourcesFiltering - skip non existing resourceDirectory D:\Java-project\Backend-workspace\backend\src\test\resources
2025-07-17 12:10:59,993 [Worker-8: Building] INFO  o.a.m.s.f.DefaultMavenResourcesFiltering - Copying 1 resource from src\main\resources to target\classes
2025-07-17 12:11:00,007 [Worker-8: Building] INFO  o.a.m.s.f.DefaultMavenResourcesFiltering - Copying 0 resource from src\main\resources to target\classes
2025-07-17 12:11:00,024 [Worker-8: Building] INFO  o.a.m.s.f.DefaultMavenResourcesFiltering - skip non existing resourceDirectory D:\Java-project\Backend-workspace\backend\src\test\resources
2025-07-17 12:11:21,908 [Worker-17: Building] INFO  o.a.m.s.f.DefaultMavenResourcesFiltering - Copying 1 resource from src\main\resources to target\classes
2025-07-17 12:11:21,918 [Worker-17: Building] INFO  o.a.m.s.f.DefaultMavenResourcesFiltering - Copying 0 resource from src\main\resources to target\classes
2025-07-17 12:11:21,923 [Worker-17: Building] INFO  o.a.m.s.f.DefaultMavenResourcesFiltering - skip non existing resourceDirectory D:\Java-project\Backend-workspace\backend\src\test\resources
2025-07-17 12:25:06,174 [Worker-19: Building] INFO  o.a.m.s.f.DefaultMavenResourcesFiltering - Copying 1 resource from src\main\resources to target\classes
2025-07-17 12:25:06,195 [Worker-19: Building] INFO  o.a.m.s.f.DefaultMavenResourcesFiltering - Copying 0 resource from src\main\resources to target\classes
2025-07-17 12:25:06,199 [Worker-19: Building] INFO  o.a.m.s.f.DefaultMavenResourcesFiltering - skip non existing resourceDirectory D:\Java-project\Backend-workspace\backend\src\test\resources
2025-07-17 12:26:52,521 [Worker-19: Building] INFO  o.a.m.s.f.DefaultMavenResourcesFiltering - Copying 1 resource from src\main\resources to target\classes
2025-07-17 12:26:52,537 [Worker-19: Building] INFO  o.a.m.s.f.DefaultMavenResourcesFiltering - Copying 0 resource from src\main\resources to target\classes
2025-07-17 12:26:52,540 [Worker-19: Building] INFO  o.a.m.s.f.DefaultMavenResourcesFiltering - skip non existing resourceDirectory D:\Java-project\Backend-workspace\backend\src\test\resources
2025-07-17 12:28:09,751 [Worker-22: Building] INFO  o.a.m.s.f.DefaultMavenResourcesFiltering - Copying 1 resource from src\main\resources to target\classes
2025-07-17 12:28:09,762 [Worker-22: Building] INFO  o.a.m.s.f.DefaultMavenResourcesFiltering - Copying 0 resource from src\main\resources to target\classes
2025-07-17 12:28:09,767 [Worker-22: Building] INFO  o.a.m.s.f.DefaultMavenResourcesFiltering - skip non existing resourceDirectory D:\Java-project\Backend-workspace\backend\src\test\resources
2025-07-17 12:30:29,518 [Worker-25: Building] INFO  o.a.m.s.f.DefaultMavenResourcesFiltering - Copying 1 resource from src\main\resources to target\classes
2025-07-17 12:30:29,527 [Worker-25: Building] INFO  o.a.m.s.f.DefaultMavenResourcesFiltering - Copying 0 resource from src\main\resources to target\classes
2025-07-17 12:30:29,531 [Worker-25: Building] INFO  o.a.m.s.f.DefaultMavenResourcesFiltering - skip non existing resourceDirectory D:\Java-project\Backend-workspace\backend\src\test\resources
2025-07-17 13:11:35,741 [Worker-19: Launching Executing install in D__Java-project_Backend-workspace_backend] INFO  o.eclipse.m2e.core.internal.Bundles - getClasspathEntries(Bundle=org.eclipse.m2e.maven.runtime_3.9.900.20250220-2013 [364])
2025-07-17 13:11:35,748 [Worker-19: Launching Executing install in D__Java-project_Backend-workspace_backend] INFO  o.eclipse.m2e.core.internal.Bundles - 	Entry: D:\sts-4.31.0.RELEASE\plugins\org.eclipse.m2e.maven.runtime_3.9.900.20250220-2013
2025-07-17 13:11:35,748 [Worker-19: Launching Executing install in D__Java-project_Backend-workspace_backend] INFO  o.eclipse.m2e.core.internal.Bundles - 	Entry: D:\sts-4.31.0.RELEASE\plugins\org.eclipse.m2e.maven.runtime_3.9.900.20250220-2013\jars\aopalliance-1.0.jar
2025-07-17 13:11:35,748 [Worker-19: Launching Executing install in D__Java-project_Backend-workspace_backend] INFO  o.eclipse.m2e.core.internal.Bundles - 	Entry: D:\sts-4.31.0.RELEASE\plugins\org.eclipse.m2e.maven.runtime_3.9.900.20250220-2013\jars\guice-5.1.0.jar
2025-07-17 13:11:35,748 [Worker-19: Launching Executing install in D__Java-project_Backend-workspace_backend] INFO  o.eclipse.m2e.core.internal.Bundles - 	Entry: D:\sts-4.31.0.RELEASE\plugins\org.eclipse.m2e.maven.runtime_3.9.900.20250220-2013\jars\httpclient-4.5.14.jar
2025-07-17 13:11:35,748 [Worker-19: Launching Executing install in D__Java-project_Backend-workspace_backend] INFO  o.eclipse.m2e.core.internal.Bundles - 	Entry: D:\sts-4.31.0.RELEASE\plugins\org.eclipse.m2e.maven.runtime_3.9.900.20250220-2013\jars\httpcore-4.4.16.jar
2025-07-17 13:11:35,748 [Worker-19: Launching Executing install in D__Java-project_Backend-workspace_backend] INFO  o.eclipse.m2e.core.internal.Bundles - 	Entry: D:\sts-4.31.0.RELEASE\plugins\org.eclipse.m2e.maven.runtime_3.9.900.20250220-2013\jars\jansi-2.4.1.jar
2025-07-17 13:11:35,749 [Worker-19: Launching Executing install in D__Java-project_Backend-workspace_backend] INFO  o.eclipse.m2e.core.internal.Bundles - 	Entry: D:\sts-4.31.0.RELEASE\plugins\org.eclipse.m2e.maven.runtime_3.9.900.20250220-2013\jars\jcl-over-slf4j-1.7.36.jar
2025-07-17 13:11:35,749 [Worker-19: Launching Executing install in D__Java-project_Backend-workspace_backend] INFO  o.eclipse.m2e.core.internal.Bundles - 	Entry: D:\sts-4.31.0.RELEASE\plugins\org.eclipse.m2e.maven.runtime_3.9.900.20250220-2013\jars\maven-artifact-3.9.9.jar
2025-07-17 13:11:35,749 [Worker-19: Launching Executing install in D__Java-project_Backend-workspace_backend] INFO  o.eclipse.m2e.core.internal.Bundles - 	Entry: D:\sts-4.31.0.RELEASE\plugins\org.eclipse.m2e.maven.runtime_3.9.900.20250220-2013\jars\maven-builder-support-3.9.9.jar
2025-07-17 13:11:35,749 [Worker-19: Launching Executing install in D__Java-project_Backend-workspace_backend] INFO  o.eclipse.m2e.core.internal.Bundles - 	Entry: D:\sts-4.31.0.RELEASE\plugins\org.eclipse.m2e.maven.runtime_3.9.900.20250220-2013\jars\maven-compat-3.9.9.jar
2025-07-17 13:11:35,749 [Worker-19: Launching Executing install in D__Java-project_Backend-workspace_backend] INFO  o.eclipse.m2e.core.internal.Bundles - 	Entry: D:\sts-4.31.0.RELEASE\plugins\org.eclipse.m2e.maven.runtime_3.9.900.20250220-2013\jars\maven-core-3.9.9.jar
2025-07-17 13:11:35,749 [Worker-19: Launching Executing install in D__Java-project_Backend-workspace_backend] INFO  o.eclipse.m2e.core.internal.Bundles - 	Entry: D:\sts-4.31.0.RELEASE\plugins\org.eclipse.m2e.maven.runtime_3.9.900.20250220-2013\jars\maven-embedder-3.9.9.jar
2025-07-17 13:11:35,749 [Worker-19: Launching Executing install in D__Java-project_Backend-workspace_backend] INFO  o.eclipse.m2e.core.internal.Bundles - 	Entry: D:\sts-4.31.0.RELEASE\plugins\org.eclipse.m2e.maven.runtime_3.9.900.20250220-2013\jars\maven-model-3.9.9.jar
2025-07-17 13:11:35,749 [Worker-19: Launching Executing install in D__Java-project_Backend-workspace_backend] INFO  o.eclipse.m2e.core.internal.Bundles - 	Entry: D:\sts-4.31.0.RELEASE\plugins\org.eclipse.m2e.maven.runtime_3.9.900.20250220-2013\jars\maven-model-builder-3.9.9.jar
2025-07-17 13:11:35,749 [Worker-19: Launching Executing install in D__Java-project_Backend-workspace_backend] INFO  o.eclipse.m2e.core.internal.Bundles - 	Entry: D:\sts-4.31.0.RELEASE\plugins\org.eclipse.m2e.maven.runtime_3.9.900.20250220-2013\jars\maven-plugin-api-3.9.9.jar
2025-07-17 13:11:35,749 [Worker-19: Launching Executing install in D__Java-project_Backend-workspace_backend] INFO  o.eclipse.m2e.core.internal.Bundles - 	Entry: D:\sts-4.31.0.RELEASE\plugins\org.eclipse.m2e.maven.runtime_3.9.900.20250220-2013\jars\maven-repository-metadata-3.9.9.jar
2025-07-17 13:11:35,749 [Worker-19: Launching Executing install in D__Java-project_Backend-workspace_backend] INFO  o.eclipse.m2e.core.internal.Bundles - 	Entry: D:\sts-4.31.0.RELEASE\plugins\org.eclipse.m2e.maven.runtime_3.9.900.20250220-2013\jars\maven-resolver-api-1.9.22.jar
2025-07-17 13:11:35,750 [Worker-19: Launching Executing install in D__Java-project_Backend-workspace_backend] INFO  o.eclipse.m2e.core.internal.Bundles - 	Entry: D:\sts-4.31.0.RELEASE\plugins\org.eclipse.m2e.maven.runtime_3.9.900.20250220-2013\jars\maven-resolver-connector-basic-1.9.22.jar
2025-07-17 13:11:35,750 [Worker-19: Launching Executing install in D__Java-project_Backend-workspace_backend] INFO  o.eclipse.m2e.core.internal.Bundles - 	Entry: D:\sts-4.31.0.RELEASE\plugins\org.eclipse.m2e.maven.runtime_3.9.900.20250220-2013\jars\maven-resolver-impl-1.9.22.jar
2025-07-17 13:11:35,750 [Worker-19: Launching Executing install in D__Java-project_Backend-workspace_backend] INFO  o.eclipse.m2e.core.internal.Bundles - 	Entry: D:\sts-4.31.0.RELEASE\plugins\org.eclipse.m2e.maven.runtime_3.9.900.20250220-2013\jars\maven-resolver-named-locks-1.9.22.jar
2025-07-17 13:11:35,750 [Worker-19: Launching Executing install in D__Java-project_Backend-workspace_backend] INFO  o.eclipse.m2e.core.internal.Bundles - 	Entry: D:\sts-4.31.0.RELEASE\plugins\org.eclipse.m2e.maven.runtime_3.9.900.20250220-2013\jars\maven-resolver-provider-3.9.9.jar
2025-07-17 13:11:35,751 [Worker-19: Launching Executing install in D__Java-project_Backend-workspace_backend] INFO  o.eclipse.m2e.core.internal.Bundles - 	Entry: D:\sts-4.31.0.RELEASE\plugins\org.eclipse.m2e.maven.runtime_3.9.900.20250220-2013\jars\maven-resolver-spi-1.9.22.jar
2025-07-17 13:11:35,751 [Worker-19: Launching Executing install in D__Java-project_Backend-workspace_backend] INFO  o.eclipse.m2e.core.internal.Bundles - 	Entry: D:\sts-4.31.0.RELEASE\plugins\org.eclipse.m2e.maven.runtime_3.9.900.20250220-2013\jars\maven-resolver-transport-file-1.9.22.jar
2025-07-17 13:11:35,751 [Worker-19: Launching Executing install in D__Java-project_Backend-workspace_backend] INFO  o.eclipse.m2e.core.internal.Bundles - 	Entry: D:\sts-4.31.0.RELEASE\plugins\org.eclipse.m2e.maven.runtime_3.9.900.20250220-2013\jars\maven-resolver-transport-http-1.9.22.jar
2025-07-17 13:11:35,751 [Worker-19: Launching Executing install in D__Java-project_Backend-workspace_backend] INFO  o.eclipse.m2e.core.internal.Bundles - 	Entry: D:\sts-4.31.0.RELEASE\plugins\org.eclipse.m2e.maven.runtime_3.9.900.20250220-2013\jars\maven-resolver-transport-wagon-1.9.22.jar
2025-07-17 13:11:35,751 [Worker-19: Launching Executing install in D__Java-project_Backend-workspace_backend] INFO  o.eclipse.m2e.core.internal.Bundles - 	Entry: D:\sts-4.31.0.RELEASE\plugins\org.eclipse.m2e.maven.runtime_3.9.900.20250220-2013\jars\maven-resolver-util-1.9.22.jar
2025-07-17 13:11:35,751 [Worker-19: Launching Executing install in D__Java-project_Backend-workspace_backend] INFO  o.eclipse.m2e.core.internal.Bundles - 	Entry: D:\sts-4.31.0.RELEASE\plugins\org.eclipse.m2e.maven.runtime_3.9.900.20250220-2013\jars\maven-settings-3.9.9.jar
2025-07-17 13:11:35,751 [Worker-19: Launching Executing install in D__Java-project_Backend-workspace_backend] INFO  o.eclipse.m2e.core.internal.Bundles - 	Entry: D:\sts-4.31.0.RELEASE\plugins\org.eclipse.m2e.maven.runtime_3.9.900.20250220-2013\jars\maven-settings-builder-3.9.9.jar
2025-07-17 13:11:35,751 [Worker-19: Launching Executing install in D__Java-project_Backend-workspace_backend] INFO  o.eclipse.m2e.core.internal.Bundles - 	Entry: D:\sts-4.31.0.RELEASE\plugins\org.eclipse.m2e.maven.runtime_3.9.900.20250220-2013\jars\maven-shared-utils-3.4.2.jar
2025-07-17 13:11:35,752 [Worker-19: Launching Executing install in D__Java-project_Backend-workspace_backend] INFO  o.eclipse.m2e.core.internal.Bundles - 	Entry: D:\sts-4.31.0.RELEASE\plugins\org.eclipse.m2e.maven.runtime_3.9.900.20250220-2013\jars\org.eclipse.sisu.inject-0.9.0.M3.jar
2025-07-17 13:11:35,752 [Worker-19: Launching Executing install in D__Java-project_Backend-workspace_backend] INFO  o.eclipse.m2e.core.internal.Bundles - 	Entry: D:\sts-4.31.0.RELEASE\plugins\org.eclipse.m2e.maven.runtime_3.9.900.20250220-2013\jars\org.eclipse.sisu.plexus-0.9.0.M3.jar
2025-07-17 13:11:35,752 [Worker-19: Launching Executing install in D__Java-project_Backend-workspace_backend] INFO  o.eclipse.m2e.core.internal.Bundles - 	Entry: D:\sts-4.31.0.RELEASE\plugins\org.eclipse.m2e.maven.runtime_3.9.900.20250220-2013\jars\plexus-build-api-0.0.7.jar
2025-07-17 13:11:35,752 [Worker-19: Launching Executing install in D__Java-project_Backend-workspace_backend] INFO  o.eclipse.m2e.core.internal.Bundles - 	Entry: D:\sts-4.31.0.RELEASE\plugins\org.eclipse.m2e.maven.runtime_3.9.900.20250220-2013\jars\plexus-build-api-1.2.0.jar
2025-07-17 13:11:35,752 [Worker-19: Launching Executing install in D__Java-project_Backend-workspace_backend] INFO  o.eclipse.m2e.core.internal.Bundles - 	Entry: D:\sts-4.31.0.RELEASE\plugins\org.eclipse.m2e.maven.runtime_3.9.900.20250220-2013\jars\plexus-cipher-2.0.jar
2025-07-17 13:11:35,752 [Worker-19: Launching Executing install in D__Java-project_Backend-workspace_backend] INFO  o.eclipse.m2e.core.internal.Bundles - 	Entry: D:\sts-4.31.0.RELEASE\plugins\org.eclipse.m2e.maven.runtime_3.9.900.20250220-2013\jars\plexus-classworlds-2.8.0.jar
2025-07-17 13:11:35,752 [Worker-19: Launching Executing install in D__Java-project_Backend-workspace_backend] INFO  o.eclipse.m2e.core.internal.Bundles - 	Entry: D:\sts-4.31.0.RELEASE\plugins\org.eclipse.m2e.maven.runtime_3.9.900.20250220-2013\jars\plexus-component-annotations-2.1.0.jar
2025-07-17 13:11:35,752 [Worker-19: Launching Executing install in D__Java-project_Backend-workspace_backend] INFO  o.eclipse.m2e.core.internal.Bundles - 	Entry: D:\sts-4.31.0.RELEASE\plugins\org.eclipse.m2e.maven.runtime_3.9.900.20250220-2013\jars\plexus-interpolation-1.27.jar
2025-07-17 13:11:35,752 [Worker-19: Launching Executing install in D__Java-project_Backend-workspace_backend] INFO  o.eclipse.m2e.core.internal.Bundles - 	Entry: D:\sts-4.31.0.RELEASE\plugins\org.eclipse.m2e.maven.runtime_3.9.900.20250220-2013\jars\plexus-sec-dispatcher-2.0.jar
2025-07-17 13:11:35,752 [Worker-19: Launching Executing install in D__Java-project_Backend-workspace_backend] INFO  o.eclipse.m2e.core.internal.Bundles - 	Entry: D:\sts-4.31.0.RELEASE\plugins\org.eclipse.m2e.maven.runtime_3.9.900.20250220-2013\jars\plexus-utils-3.5.1.jar
2025-07-17 13:11:35,752 [Worker-19: Launching Executing install in D__Java-project_Backend-workspace_backend] INFO  o.eclipse.m2e.core.internal.Bundles - 	Entry: D:\sts-4.31.0.RELEASE\plugins\org.eclipse.m2e.maven.runtime_3.9.900.20250220-2013\jars\plexus-xml-3.0.1.jar
2025-07-17 13:11:35,753 [Worker-19: Launching Executing install in D__Java-project_Backend-workspace_backend] INFO  o.eclipse.m2e.core.internal.Bundles - 	Entry: D:\sts-4.31.0.RELEASE\plugins\org.eclipse.m2e.maven.runtime_3.9.900.20250220-2013\jars\wagon-file-3.5.3.jar
2025-07-17 13:11:35,753 [Worker-19: Launching Executing install in D__Java-project_Backend-workspace_backend] INFO  o.eclipse.m2e.core.internal.Bundles - 	Entry: D:\sts-4.31.0.RELEASE\plugins\org.eclipse.m2e.maven.runtime_3.9.900.20250220-2013\jars\wagon-http-3.5.3.jar
2025-07-17 13:11:35,753 [Worker-19: Launching Executing install in D__Java-project_Backend-workspace_backend] INFO  o.eclipse.m2e.core.internal.Bundles - 	Entry: D:\sts-4.31.0.RELEASE\plugins\org.eclipse.m2e.maven.runtime_3.9.900.20250220-2013\jars\wagon-http-shared-3.5.3.jar
2025-07-17 13:11:35,753 [Worker-19: Launching Executing install in D__Java-project_Backend-workspace_backend] INFO  o.eclipse.m2e.core.internal.Bundles - 	Entry: D:\sts-4.31.0.RELEASE\plugins\org.eclipse.m2e.maven.runtime_3.9.900.20250220-2013\jars\wagon-provider-api-3.5.3.jar
2025-07-17 13:11:35,755 [Worker-19: Launching Executing install in D__Java-project_Backend-workspace_backend] INFO  o.eclipse.m2e.core.internal.Bundles - getClasspathEntries(Bundle=com.google.guava_33.4.8.jre [31])
2025-07-17 13:11:35,755 [Worker-19: Launching Executing install in D__Java-project_Backend-workspace_backend] INFO  o.eclipse.m2e.core.internal.Bundles - 	Entry: D:\sts-4.31.0.RELEASE\plugins\com.google.guava_33.4.8.jre.jar
2025-07-17 13:11:35,755 [Worker-19: Launching Executing install in D__Java-project_Backend-workspace_backend] INFO  o.eclipse.m2e.core.internal.Bundles - getClasspathEntries(Bundle=slf4j.api_2.0.17 [613])
2025-07-17 13:11:35,756 [Worker-19: Launching Executing install in D__Java-project_Backend-workspace_backend] INFO  o.eclipse.m2e.core.internal.Bundles - 	Entry: D:\sts-4.31.0.RELEASE\plugins\slf4j.api_2.0.17.jar
2025-07-17 13:11:35,756 [Worker-19: Launching Executing install in D__Java-project_Backend-workspace_backend] INFO  o.eclipse.m2e.core.internal.Bundles - getClasspathEntries(Bundle=jakarta.inject.jakarta.inject-api_1.0.5 [46])
2025-07-17 13:11:35,757 [Worker-19: Launching Executing install in D__Java-project_Backend-workspace_backend] INFO  o.eclipse.m2e.core.internal.Bundles - 	Entry: D:\sts-4.31.0.RELEASE\plugins\jakarta.inject.jakarta.inject-api_1.0.5.jar
2025-07-17 13:11:35,758 [Worker-19: Launching Executing install in D__Java-project_Backend-workspace_backend] INFO  o.eclipse.m2e.core.internal.Bundles - getClasspathEntries(Bundle=javax.annotation_1.3.5.v20200909-1856 [55])
2025-07-17 13:11:35,758 [Worker-19: Launching Executing install in D__Java-project_Backend-workspace_backend] INFO  o.eclipse.m2e.core.internal.Bundles - 	Entry: D:\sts-4.31.0.RELEASE\plugins\javax.annotation_1.3.5.v20200909-1856.jar
2025-07-17 13:11:35,758 [Worker-19: Launching Executing install in D__Java-project_Backend-workspace_backend] INFO  o.eclipse.m2e.core.internal.Bundles - getClasspathEntries(Bundle=org.apache.commons.cli_1.9.0 [79])
2025-07-17 13:11:35,759 [Worker-19: Launching Executing install in D__Java-project_Backend-workspace_backend] INFO  o.eclipse.m2e.core.internal.Bundles - 	Entry: D:\sts-4.31.0.RELEASE\plugins\org.apache.commons.cli_1.9.0.jar
2025-07-17 13:11:35,759 [Worker-19: Launching Executing install in D__Java-project_Backend-workspace_backend] INFO  o.eclipse.m2e.core.internal.Bundles - getClasspathEntries(Bundle=org.apache.commons.commons-codec_1.16.0 [81])
2025-07-17 13:11:35,759 [Worker-19: Launching Executing install in D__Java-project_Backend-workspace_backend] INFO  o.eclipse.m2e.core.internal.Bundles - 	Entry: D:\sts-4.31.0.RELEASE\plugins\org.apache.commons.commons-codec_1.16.0.jar
2025-07-17 13:11:35,759 [Worker-19: Launching Executing install in D__Java-project_Backend-workspace_backend] INFO  o.eclipse.m2e.core.internal.Bundles - getClasspathEntries(Bundle=com.google.guava.failureaccess_1.0.3 [32])
2025-07-17 13:11:35,759 [Worker-19: Launching Executing install in D__Java-project_Backend-workspace_backend] INFO  o.eclipse.m2e.core.internal.Bundles - 	Entry: D:\sts-4.31.0.RELEASE\plugins\com.google.guava.failureaccess_1.0.3.jar
2025-07-17 13:11:35,763 [Worker-19: Launching Executing install in D__Java-project_Backend-workspace_backend] INFO  o.e.m.i.launch.MavenLaunchDelegate - Run build in "D:\Java-project\Backend-workspace\backend":
2025-07-17 13:11:35,765 [Worker-19: Launching Executing install in D__Java-project_Backend-workspace_backend] INFO  o.e.m.i.launch.MavenLaunchDelegate -  mvn  -Ppom.xml -B -Dstyle.color=always install
2025-07-17 13:18:54,196 [Worker-19: Launching Executing install in D__Java-project_Backend-workspace_backend] INFO  o.eclipse.m2e.core.internal.Bundles - getClasspathEntries(Bundle=org.eclipse.m2e.maven.runtime_3.9.900.20250220-2013 [364])
2025-07-17 13:18:54,196 [Worker-19: Launching Executing install in D__Java-project_Backend-workspace_backend] INFO  o.eclipse.m2e.core.internal.Bundles - 	Entry: D:\sts-4.31.0.RELEASE\plugins\org.eclipse.m2e.maven.runtime_3.9.900.20250220-2013
2025-07-17 13:18:54,196 [Worker-19: Launching Executing install in D__Java-project_Backend-workspace_backend] INFO  o.eclipse.m2e.core.internal.Bundles - 	Entry: D:\sts-4.31.0.RELEASE\plugins\org.eclipse.m2e.maven.runtime_3.9.900.20250220-2013\jars\aopalliance-1.0.jar
2025-07-17 13:18:54,196 [Worker-19: Launching Executing install in D__Java-project_Backend-workspace_backend] INFO  o.eclipse.m2e.core.internal.Bundles - 	Entry: D:\sts-4.31.0.RELEASE\plugins\org.eclipse.m2e.maven.runtime_3.9.900.20250220-2013\jars\guice-5.1.0.jar
2025-07-17 13:18:54,196 [Worker-19: Launching Executing install in D__Java-project_Backend-workspace_backend] INFO  o.eclipse.m2e.core.internal.Bundles - 	Entry: D:\sts-4.31.0.RELEASE\plugins\org.eclipse.m2e.maven.runtime_3.9.900.20250220-2013\jars\httpclient-4.5.14.jar
2025-07-17 13:18:54,197 [Worker-19: Launching Executing install in D__Java-project_Backend-workspace_backend] INFO  o.eclipse.m2e.core.internal.Bundles - 	Entry: D:\sts-4.31.0.RELEASE\plugins\org.eclipse.m2e.maven.runtime_3.9.900.20250220-2013\jars\httpcore-4.4.16.jar
2025-07-17 13:18:54,197 [Worker-19: Launching Executing install in D__Java-project_Backend-workspace_backend] INFO  o.eclipse.m2e.core.internal.Bundles - 	Entry: D:\sts-4.31.0.RELEASE\plugins\org.eclipse.m2e.maven.runtime_3.9.900.20250220-2013\jars\jansi-2.4.1.jar
2025-07-17 13:18:54,197 [Worker-19: Launching Executing install in D__Java-project_Backend-workspace_backend] INFO  o.eclipse.m2e.core.internal.Bundles - 	Entry: D:\sts-4.31.0.RELEASE\plugins\org.eclipse.m2e.maven.runtime_3.9.900.20250220-2013\jars\jcl-over-slf4j-1.7.36.jar
2025-07-17 13:18:54,197 [Worker-19: Launching Executing install in D__Java-project_Backend-workspace_backend] INFO  o.eclipse.m2e.core.internal.Bundles - 	Entry: D:\sts-4.31.0.RELEASE\plugins\org.eclipse.m2e.maven.runtime_3.9.900.20250220-2013\jars\maven-artifact-3.9.9.jar
2025-07-17 13:18:54,197 [Worker-19: Launching Executing install in D__Java-project_Backend-workspace_backend] INFO  o.eclipse.m2e.core.internal.Bundles - 	Entry: D:\sts-4.31.0.RELEASE\plugins\org.eclipse.m2e.maven.runtime_3.9.900.20250220-2013\jars\maven-builder-support-3.9.9.jar
2025-07-17 13:18:54,197 [Worker-19: Launching Executing install in D__Java-project_Backend-workspace_backend] INFO  o.eclipse.m2e.core.internal.Bundles - 	Entry: D:\sts-4.31.0.RELEASE\plugins\org.eclipse.m2e.maven.runtime_3.9.900.20250220-2013\jars\maven-compat-3.9.9.jar
2025-07-17 13:18:54,197 [Worker-19: Launching Executing install in D__Java-project_Backend-workspace_backend] INFO  o.eclipse.m2e.core.internal.Bundles - 	Entry: D:\sts-4.31.0.RELEASE\plugins\org.eclipse.m2e.maven.runtime_3.9.900.20250220-2013\jars\maven-core-3.9.9.jar
2025-07-17 13:18:54,197 [Worker-19: Launching Executing install in D__Java-project_Backend-workspace_backend] INFO  o.eclipse.m2e.core.internal.Bundles - 	Entry: D:\sts-4.31.0.RELEASE\plugins\org.eclipse.m2e.maven.runtime_3.9.900.20250220-2013\jars\maven-embedder-3.9.9.jar
2025-07-17 13:18:54,197 [Worker-19: Launching Executing install in D__Java-project_Backend-workspace_backend] INFO  o.eclipse.m2e.core.internal.Bundles - 	Entry: D:\sts-4.31.0.RELEASE\plugins\org.eclipse.m2e.maven.runtime_3.9.900.20250220-2013\jars\maven-model-3.9.9.jar
2025-07-17 13:18:54,197 [Worker-19: Launching Executing install in D__Java-project_Backend-workspace_backend] INFO  o.eclipse.m2e.core.internal.Bundles - 	Entry: D:\sts-4.31.0.RELEASE\plugins\org.eclipse.m2e.maven.runtime_3.9.900.20250220-2013\jars\maven-model-builder-3.9.9.jar
2025-07-17 13:18:54,197 [Worker-19: Launching Executing install in D__Java-project_Backend-workspace_backend] INFO  o.eclipse.m2e.core.internal.Bundles - 	Entry: D:\sts-4.31.0.RELEASE\plugins\org.eclipse.m2e.maven.runtime_3.9.900.20250220-2013\jars\maven-plugin-api-3.9.9.jar
2025-07-17 13:18:54,197 [Worker-19: Launching Executing install in D__Java-project_Backend-workspace_backend] INFO  o.eclipse.m2e.core.internal.Bundles - 	Entry: D:\sts-4.31.0.RELEASE\plugins\org.eclipse.m2e.maven.runtime_3.9.900.20250220-2013\jars\maven-repository-metadata-3.9.9.jar
2025-07-17 13:18:54,197 [Worker-19: Launching Executing install in D__Java-project_Backend-workspace_backend] INFO  o.eclipse.m2e.core.internal.Bundles - 	Entry: D:\sts-4.31.0.RELEASE\plugins\org.eclipse.m2e.maven.runtime_3.9.900.20250220-2013\jars\maven-resolver-api-1.9.22.jar
2025-07-17 13:18:54,197 [Worker-19: Launching Executing install in D__Java-project_Backend-workspace_backend] INFO  o.eclipse.m2e.core.internal.Bundles - 	Entry: D:\sts-4.31.0.RELEASE\plugins\org.eclipse.m2e.maven.runtime_3.9.900.20250220-2013\jars\maven-resolver-connector-basic-1.9.22.jar
2025-07-17 13:18:54,197 [Worker-19: Launching Executing install in D__Java-project_Backend-workspace_backend] INFO  o.eclipse.m2e.core.internal.Bundles - 	Entry: D:\sts-4.31.0.RELEASE\plugins\org.eclipse.m2e.maven.runtime_3.9.900.20250220-2013\jars\maven-resolver-impl-1.9.22.jar
2025-07-17 13:18:54,197 [Worker-19: Launching Executing install in D__Java-project_Backend-workspace_backend] INFO  o.eclipse.m2e.core.internal.Bundles - 	Entry: D:\sts-4.31.0.RELEASE\plugins\org.eclipse.m2e.maven.runtime_3.9.900.20250220-2013\jars\maven-resolver-named-locks-1.9.22.jar
2025-07-17 13:18:54,198 [Worker-19: Launching Executing install in D__Java-project_Backend-workspace_backend] INFO  o.eclipse.m2e.core.internal.Bundles - 	Entry: D:\sts-4.31.0.RELEASE\plugins\org.eclipse.m2e.maven.runtime_3.9.900.20250220-2013\jars\maven-resolver-provider-3.9.9.jar
2025-07-17 13:18:54,198 [Worker-19: Launching Executing install in D__Java-project_Backend-workspace_backend] INFO  o.eclipse.m2e.core.internal.Bundles - 	Entry: D:\sts-4.31.0.RELEASE\plugins\org.eclipse.m2e.maven.runtime_3.9.900.20250220-2013\jars\maven-resolver-spi-1.9.22.jar
2025-07-17 13:18:54,198 [Worker-19: Launching Executing install in D__Java-project_Backend-workspace_backend] INFO  o.eclipse.m2e.core.internal.Bundles - 	Entry: D:\sts-4.31.0.RELEASE\plugins\org.eclipse.m2e.maven.runtime_3.9.900.20250220-2013\jars\maven-resolver-transport-file-1.9.22.jar
2025-07-17 13:18:54,198 [Worker-19: Launching Executing install in D__Java-project_Backend-workspace_backend] INFO  o.eclipse.m2e.core.internal.Bundles - 	Entry: D:\sts-4.31.0.RELEASE\plugins\org.eclipse.m2e.maven.runtime_3.9.900.20250220-2013\jars\maven-resolver-transport-http-1.9.22.jar
2025-07-17 13:18:54,198 [Worker-19: Launching Executing install in D__Java-project_Backend-workspace_backend] INFO  o.eclipse.m2e.core.internal.Bundles - 	Entry: D:\sts-4.31.0.RELEASE\plugins\org.eclipse.m2e.maven.runtime_3.9.900.20250220-2013\jars\maven-resolver-transport-wagon-1.9.22.jar
2025-07-17 13:18:54,198 [Worker-19: Launching Executing install in D__Java-project_Backend-workspace_backend] INFO  o.eclipse.m2e.core.internal.Bundles - 	Entry: D:\sts-4.31.0.RELEASE\plugins\org.eclipse.m2e.maven.runtime_3.9.900.20250220-2013\jars\maven-resolver-util-1.9.22.jar
2025-07-17 13:18:54,198 [Worker-19: Launching Executing install in D__Java-project_Backend-workspace_backend] INFO  o.eclipse.m2e.core.internal.Bundles - 	Entry: D:\sts-4.31.0.RELEASE\plugins\org.eclipse.m2e.maven.runtime_3.9.900.20250220-2013\jars\maven-settings-3.9.9.jar
2025-07-17 13:18:54,198 [Worker-19: Launching Executing install in D__Java-project_Backend-workspace_backend] INFO  o.eclipse.m2e.core.internal.Bundles - 	Entry: D:\sts-4.31.0.RELEASE\plugins\org.eclipse.m2e.maven.runtime_3.9.900.20250220-2013\jars\maven-settings-builder-3.9.9.jar
2025-07-17 13:18:54,198 [Worker-19: Launching Executing install in D__Java-project_Backend-workspace_backend] INFO  o.eclipse.m2e.core.internal.Bundles - 	Entry: D:\sts-4.31.0.RELEASE\plugins\org.eclipse.m2e.maven.runtime_3.9.900.20250220-2013\jars\maven-shared-utils-3.4.2.jar
2025-07-17 13:18:54,198 [Worker-19: Launching Executing install in D__Java-project_Backend-workspace_backend] INFO  o.eclipse.m2e.core.internal.Bundles - 	Entry: D:\sts-4.31.0.RELEASE\plugins\org.eclipse.m2e.maven.runtime_3.9.900.20250220-2013\jars\org.eclipse.sisu.inject-0.9.0.M3.jar
2025-07-17 13:18:54,198 [Worker-19: Launching Executing install in D__Java-project_Backend-workspace_backend] INFO  o.eclipse.m2e.core.internal.Bundles - 	Entry: D:\sts-4.31.0.RELEASE\plugins\org.eclipse.m2e.maven.runtime_3.9.900.20250220-2013\jars\org.eclipse.sisu.plexus-0.9.0.M3.jar
2025-07-17 13:18:54,198 [Worker-19: Launching Executing install in D__Java-project_Backend-workspace_backend] INFO  o.eclipse.m2e.core.internal.Bundles - 	Entry: D:\sts-4.31.0.RELEASE\plugins\org.eclipse.m2e.maven.runtime_3.9.900.20250220-2013\jars\plexus-build-api-0.0.7.jar
2025-07-17 13:18:54,198 [Worker-19: Launching Executing install in D__Java-project_Backend-workspace_backend] INFO  o.eclipse.m2e.core.internal.Bundles - 	Entry: D:\sts-4.31.0.RELEASE\plugins\org.eclipse.m2e.maven.runtime_3.9.900.20250220-2013\jars\plexus-build-api-1.2.0.jar
2025-07-17 13:18:54,198 [Worker-19: Launching Executing install in D__Java-project_Backend-workspace_backend] INFO  o.eclipse.m2e.core.internal.Bundles - 	Entry: D:\sts-4.31.0.RELEASE\plugins\org.eclipse.m2e.maven.runtime_3.9.900.20250220-2013\jars\plexus-cipher-2.0.jar
2025-07-17 13:18:54,198 [Worker-19: Launching Executing install in D__Java-project_Backend-workspace_backend] INFO  o.eclipse.m2e.core.internal.Bundles - 	Entry: D:\sts-4.31.0.RELEASE\plugins\org.eclipse.m2e.maven.runtime_3.9.900.20250220-2013\jars\plexus-classworlds-2.8.0.jar
2025-07-17 13:18:54,198 [Worker-19: Launching Executing install in D__Java-project_Backend-workspace_backend] INFO  o.eclipse.m2e.core.internal.Bundles - 	Entry: D:\sts-4.31.0.RELEASE\plugins\org.eclipse.m2e.maven.runtime_3.9.900.20250220-2013\jars\plexus-component-annotations-2.1.0.jar
2025-07-17 13:18:54,198 [Worker-19: Launching Executing install in D__Java-project_Backend-workspace_backend] INFO  o.eclipse.m2e.core.internal.Bundles - 	Entry: D:\sts-4.31.0.RELEASE\plugins\org.eclipse.m2e.maven.runtime_3.9.900.20250220-2013\jars\plexus-interpolation-1.27.jar
2025-07-17 13:18:54,198 [Worker-19: Launching Executing install in D__Java-project_Backend-workspace_backend] INFO  o.eclipse.m2e.core.internal.Bundles - 	Entry: D:\sts-4.31.0.RELEASE\plugins\org.eclipse.m2e.maven.runtime_3.9.900.20250220-2013\jars\plexus-sec-dispatcher-2.0.jar
2025-07-17 13:18:54,198 [Worker-19: Launching Executing install in D__Java-project_Backend-workspace_backend] INFO  o.eclipse.m2e.core.internal.Bundles - 	Entry: D:\sts-4.31.0.RELEASE\plugins\org.eclipse.m2e.maven.runtime_3.9.900.20250220-2013\jars\plexus-utils-3.5.1.jar
2025-07-17 13:18:54,198 [Worker-19: Launching Executing install in D__Java-project_Backend-workspace_backend] INFO  o.eclipse.m2e.core.internal.Bundles - 	Entry: D:\sts-4.31.0.RELEASE\plugins\org.eclipse.m2e.maven.runtime_3.9.900.20250220-2013\jars\plexus-xml-3.0.1.jar
2025-07-17 13:18:54,198 [Worker-19: Launching Executing install in D__Java-project_Backend-workspace_backend] INFO  o.eclipse.m2e.core.internal.Bundles - 	Entry: D:\sts-4.31.0.RELEASE\plugins\org.eclipse.m2e.maven.runtime_3.9.900.20250220-2013\jars\wagon-file-3.5.3.jar
2025-07-17 13:18:54,198 [Worker-19: Launching Executing install in D__Java-project_Backend-workspace_backend] INFO  o.eclipse.m2e.core.internal.Bundles - 	Entry: D:\sts-4.31.0.RELEASE\plugins\org.eclipse.m2e.maven.runtime_3.9.900.20250220-2013\jars\wagon-http-3.5.3.jar
2025-07-17 13:18:54,199 [Worker-19: Launching Executing install in D__Java-project_Backend-workspace_backend] INFO  o.eclipse.m2e.core.internal.Bundles - 	Entry: D:\sts-4.31.0.RELEASE\plugins\org.eclipse.m2e.maven.runtime_3.9.900.20250220-2013\jars\wagon-http-shared-3.5.3.jar
2025-07-17 13:18:54,199 [Worker-19: Launching Executing install in D__Java-project_Backend-workspace_backend] INFO  o.eclipse.m2e.core.internal.Bundles - 	Entry: D:\sts-4.31.0.RELEASE\plugins\org.eclipse.m2e.maven.runtime_3.9.900.20250220-2013\jars\wagon-provider-api-3.5.3.jar
2025-07-17 13:18:54,199 [Worker-19: Launching Executing install in D__Java-project_Backend-workspace_backend] INFO  o.eclipse.m2e.core.internal.Bundles - getClasspathEntries(Bundle=com.google.guava_33.4.8.jre [31])
2025-07-17 13:18:54,199 [Worker-19: Launching Executing install in D__Java-project_Backend-workspace_backend] INFO  o.eclipse.m2e.core.internal.Bundles - 	Entry: D:\sts-4.31.0.RELEASE\plugins\com.google.guava_33.4.8.jre.jar
2025-07-17 13:18:54,199 [Worker-19: Launching Executing install in D__Java-project_Backend-workspace_backend] INFO  o.eclipse.m2e.core.internal.Bundles - getClasspathEntries(Bundle=slf4j.api_2.0.17 [613])
2025-07-17 13:18:54,199 [Worker-19: Launching Executing install in D__Java-project_Backend-workspace_backend] INFO  o.eclipse.m2e.core.internal.Bundles - 	Entry: D:\sts-4.31.0.RELEASE\plugins\slf4j.api_2.0.17.jar
2025-07-17 13:18:54,199 [Worker-19: Launching Executing install in D__Java-project_Backend-workspace_backend] INFO  o.eclipse.m2e.core.internal.Bundles - getClasspathEntries(Bundle=jakarta.inject.jakarta.inject-api_1.0.5 [46])
2025-07-17 13:18:54,199 [Worker-19: Launching Executing install in D__Java-project_Backend-workspace_backend] INFO  o.eclipse.m2e.core.internal.Bundles - 	Entry: D:\sts-4.31.0.RELEASE\plugins\jakarta.inject.jakarta.inject-api_1.0.5.jar
2025-07-17 13:18:54,199 [Worker-19: Launching Executing install in D__Java-project_Backend-workspace_backend] INFO  o.eclipse.m2e.core.internal.Bundles - getClasspathEntries(Bundle=javax.annotation_1.3.5.v20200909-1856 [55])
2025-07-17 13:18:54,200 [Worker-19: Launching Executing install in D__Java-project_Backend-workspace_backend] INFO  o.eclipse.m2e.core.internal.Bundles - 	Entry: D:\sts-4.31.0.RELEASE\plugins\javax.annotation_1.3.5.v20200909-1856.jar
2025-07-17 13:18:54,200 [Worker-19: Launching Executing install in D__Java-project_Backend-workspace_backend] INFO  o.eclipse.m2e.core.internal.Bundles - getClasspathEntries(Bundle=org.apache.commons.cli_1.9.0 [79])
2025-07-17 13:18:54,200 [Worker-19: Launching Executing install in D__Java-project_Backend-workspace_backend] INFO  o.eclipse.m2e.core.internal.Bundles - 	Entry: D:\sts-4.31.0.RELEASE\plugins\org.apache.commons.cli_1.9.0.jar
2025-07-17 13:18:54,200 [Worker-19: Launching Executing install in D__Java-project_Backend-workspace_backend] INFO  o.eclipse.m2e.core.internal.Bundles - getClasspathEntries(Bundle=org.apache.commons.commons-codec_1.16.0 [81])
2025-07-17 13:18:54,200 [Worker-19: Launching Executing install in D__Java-project_Backend-workspace_backend] INFO  o.eclipse.m2e.core.internal.Bundles - 	Entry: D:\sts-4.31.0.RELEASE\plugins\org.apache.commons.commons-codec_1.16.0.jar
2025-07-17 13:18:54,200 [Worker-19: Launching Executing install in D__Java-project_Backend-workspace_backend] INFO  o.eclipse.m2e.core.internal.Bundles - getClasspathEntries(Bundle=com.google.guava.failureaccess_1.0.3 [32])
2025-07-17 13:18:54,200 [Worker-19: Launching Executing install in D__Java-project_Backend-workspace_backend] INFO  o.eclipse.m2e.core.internal.Bundles - 	Entry: D:\sts-4.31.0.RELEASE\plugins\com.google.guava.failureaccess_1.0.3.jar
2025-07-17 13:18:54,201 [Worker-19: Launching Executing install in D__Java-project_Backend-workspace_backend] INFO  o.e.m.i.launch.MavenLaunchDelegate - Run build in "D:\Java-project\Backend-workspace\backend":
2025-07-17 13:18:54,202 [Worker-19: Launching Executing install in D__Java-project_Backend-workspace_backend] INFO  o.e.m.i.launch.MavenLaunchDelegate -  mvn  -Ppom.xml -B -Dstyle.color=always install
2025-07-17 13:20:26,355 [Worker-31: Building] INFO  o.a.m.s.f.DefaultMavenResourcesFiltering - Copying 1 resource from src\main\resources to target\classes
2025-07-17 13:20:26,446 [Worker-31: Building] INFO  o.a.m.s.f.DefaultMavenResourcesFiltering - Copying 0 resource from src\main\resources to target\classes
2025-07-17 13:20:26,451 [Worker-31: Building] INFO  o.a.m.s.f.DefaultMavenResourcesFiltering - skip non existing resourceDirectory D:\Java-project\Backend-workspace\backend\src\test\resources
2025-07-17 13:20:59,279 [Worker-19: Building] INFO  o.a.m.s.f.DefaultMavenResourcesFiltering - Copying 1 resource from src\main\resources to target\classes
2025-07-17 13:20:59,341 [Worker-19: Building] INFO  o.a.m.s.f.DefaultMavenResourcesFiltering - Copying 0 resource from src\main\resources to target\classes
2025-07-17 13:20:59,345 [Worker-19: Building] INFO  o.a.m.s.f.DefaultMavenResourcesFiltering - skip non existing resourceDirectory D:\Java-project\Backend-workspace\backend\src\test\resources
2025-07-17 13:21:44,873 [Worker-27: Building] INFO  o.a.m.s.f.DefaultMavenResourcesFiltering - Copying 1 resource from src\main\resources to target\classes
2025-07-17 13:21:44,890 [Worker-27: Building] INFO  o.a.m.s.f.DefaultMavenResourcesFiltering - Copying 0 resource from src\main\resources to target\classes
2025-07-17 13:21:44,893 [Worker-27: Building] INFO  o.a.m.s.f.DefaultMavenResourcesFiltering - skip non existing resourceDirectory D:\Java-project\Backend-workspace\backend\src\test\resources
2025-07-17 13:30:29,148 [Worker-31: Building] INFO  o.a.m.s.f.DefaultMavenResourcesFiltering - Copying 1 resource from src\main\resources to target\classes
2025-07-17 13:30:29,159 [Worker-31: Building] INFO  o.a.m.s.f.DefaultMavenResourcesFiltering - Copying 0 resource from src\main\resources to target\classes
2025-07-17 13:30:29,163 [Worker-31: Building] INFO  o.a.m.s.f.DefaultMavenResourcesFiltering - skip non existing resourceDirectory D:\Java-project\Backend-workspace\backend\src\test\resources
2025-07-17 13:30:56,653 [Worker-19: Building] INFO  o.a.m.s.f.DefaultMavenResourcesFiltering - Copying 1 resource from src\main\resources to target\classes
2025-07-17 13:30:56,664 [Worker-19: Building] INFO  o.a.m.s.f.DefaultMavenResourcesFiltering - Copying 0 resource from src\main\resources to target\classes
2025-07-17 13:30:56,668 [Worker-19: Building] INFO  o.a.m.s.f.DefaultMavenResourcesFiltering - skip non existing resourceDirectory D:\Java-project\Backend-workspace\backend\src\test\resources
2025-07-17 13:31:49,526 [Worker-21: Building] INFO  o.a.m.s.f.DefaultMavenResourcesFiltering - Copying 1 resource from src\main\resources to target\classes
2025-07-17 13:31:49,541 [Worker-21: Building] INFO  o.a.m.s.f.DefaultMavenResourcesFiltering - Copying 0 resource from src\main\resources to target\classes
2025-07-17 13:31:49,545 [Worker-21: Building] INFO  o.a.m.s.f.DefaultMavenResourcesFiltering - skip non existing resourceDirectory D:\Java-project\Backend-workspace\backend\src\test\resources
2025-07-17 13:32:20,852 [Worker-24: Building] INFO  o.a.m.s.f.DefaultMavenResourcesFiltering - Copying 1 resource from src\main\resources to target\classes
2025-07-17 13:32:20,868 [Worker-24: Building] INFO  o.a.m.s.f.DefaultMavenResourcesFiltering - Copying 0 resource from src\main\resources to target\classes
2025-07-17 13:32:20,873 [Worker-24: Building] INFO  o.a.m.s.f.DefaultMavenResourcesFiltering - skip non existing resourceDirectory D:\Java-project\Backend-workspace\backend\src\test\resources
2025-07-17 13:57:41,136 [Worker-31: Building] INFO  o.a.m.s.f.DefaultMavenResourcesFiltering - Copying 1 resource from src\main\resources to target\classes
2025-07-17 13:57:41,159 [Worker-31: Building] INFO  o.a.m.s.f.DefaultMavenResourcesFiltering - Copying 0 resource from src\main\resources to target\classes
2025-07-17 13:57:41,166 [Worker-31: Building] INFO  o.a.m.s.f.DefaultMavenResourcesFiltering - skip non existing resourceDirectory D:\Java-project\Backend-workspace\backend\src\test\resources
2025-07-17 14:15:27,899 [Worker-28: Building] INFO  o.a.m.s.f.DefaultMavenResourcesFiltering - Copying 1 resource from src\main\resources to target\classes
2025-07-17 14:15:27,914 [Worker-28: Building] INFO  o.a.m.s.f.DefaultMavenResourcesFiltering - Copying 0 resource from src\main\resources to target\classes
2025-07-17 14:15:27,923 [Worker-28: Building] INFO  o.a.m.s.f.DefaultMavenResourcesFiltering - skip non existing resourceDirectory D:\Java-project\Backend-workspace\backend\src\test\resources
2025-07-17 14:15:53,259 [Worker-27: Building] INFO  o.a.m.s.f.DefaultMavenResourcesFiltering - Copying 1 resource from src\main\resources to target\classes
2025-07-17 14:15:53,268 [Worker-27: Building] INFO  o.a.m.s.f.DefaultMavenResourcesFiltering - Copying 0 resource from src\main\resources to target\classes
2025-07-17 14:15:53,273 [Worker-27: Building] INFO  o.a.m.s.f.DefaultMavenResourcesFiltering - skip non existing resourceDirectory D:\Java-project\Backend-workspace\backend\src\test\resources
2025-07-17 14:40:22,459 [Worker-31: Building] INFO  o.a.m.s.f.DefaultMavenResourcesFiltering - Copying 1 resource from src\main\resources to target\classes
2025-07-17 14:40:22,468 [Worker-31: Building] INFO  o.a.m.s.f.DefaultMavenResourcesFiltering - Copying 0 resource from src\main\resources to target\classes
2025-07-17 14:40:22,471 [Worker-31: Building] INFO  o.a.m.s.f.DefaultMavenResourcesFiltering - skip non existing resourceDirectory D:\Java-project\Backend-workspace\backend\src\test\resources
2025-07-17 15:04:33,139 [Worker-20: Building] INFO  o.a.m.s.f.DefaultMavenResourcesFiltering - Copying 1 resource from src\main\resources to target\classes
2025-07-17 15:04:33,211 [Worker-20: Building] INFO  o.a.m.s.f.DefaultMavenResourcesFiltering - Copying 0 resource from src\main\resources to target\classes
2025-07-17 15:04:33,217 [Worker-20: Building] INFO  o.a.m.s.f.DefaultMavenResourcesFiltering - skip non existing resourceDirectory D:\Java-project\Backend-workspace\backend\src\test\resources
2025-07-17 15:11:36,865 [Worker-29: Building] INFO  o.a.m.s.f.DefaultMavenResourcesFiltering - Copying 1 resource from src\main\resources to target\classes
2025-07-17 15:11:36,888 [Worker-29: Building] INFO  o.a.m.s.f.DefaultMavenResourcesFiltering - Copying 0 resource from src\main\resources to target\classes
2025-07-17 15:11:36,891 [Worker-29: Building] INFO  o.a.m.s.f.DefaultMavenResourcesFiltering - skip non existing resourceDirectory D:\Java-project\Backend-workspace\backend\src\test\resources
2025-07-17 15:16:36,339 [Worker-5: Loading available Gradle versions] INFO  o.e.b.c.i.u.g.PublishedGradleVersions - Gradle version information cache is up-to-date. Trying to read.
2025-07-18 10:45:18,939 [Worker-7: Loading available Gradle versions] INFO  o.e.b.c.i.u.g.PublishedGradleVersions - Gradle version information cache is up-to-date. Trying to read.
2025-07-18 12:50:10,188 [Worker-5: Loading available Gradle versions] INFO  o.e.b.c.i.u.g.PublishedGradleVersions - Gradle version information cache is out-of-date. Trying to update.
2025-07-18 14:19:09,071 [Worker-5: Loading available Gradle versions] INFO  o.e.b.c.i.u.g.PublishedGradleVersions - Gradle version information cache is up-to-date. Trying to read.
2025-07-22 10:21:08,858 [Worker-5: Loading available Gradle versions] INFO  o.e.b.c.i.u.g.PublishedGradleVersions - Gradle version information cache is out-of-date. Trying to update.
2025-07-28 11:14:47,921 [Worker-5: Loading available Gradle versions] INFO  o.e.b.c.i.u.g.PublishedGradleVersions - Gradle version information cache is out-of-date. Trying to update.
2025-07-29 12:38:15,406 [Worker-2: Loading available Gradle versions] INFO  o.e.b.c.i.u.g.PublishedGradleVersions - Gradle version information cache is out-of-date. Trying to update.
2025-08-18 10:55:40,338 [Worker-5: Loading available Gradle versions] INFO  o.e.b.c.i.u.g.PublishedGradleVersions - Gradle version information cache is out-of-date. Trying to update.
2025-09-19 11:20:23,670 [Worker-1: Loading available Gradle versions] INFO  o.e.b.c.i.u.g.PublishedGradleVersions - Gradle version information cache is out-of-date. Trying to update.
2026-02-05 10:24:44,407 [Worker-1: Loading available Gradle versions] INFO  o.e.b.c.i.u.g.PublishedGradleVersions - Gradle version information cache is out-of-date. Trying to update.
